// 重构日志: 6e046d4f
// 重构日志: 3176bed3
// 重构日志: cc898c16
// 同步 ID: 120e47f0 @ Wed Jul 15 04:56:26 UTC 2026
// 同步 ID: 75119eac @ Wed Jul 15 09:48:38 UTC 2026
// 同步 ID: 3e8da7a9 @ Wed Jul 15 12:40:21 UTC 2026
// 重构日志: 4c14df5b
// 重构日志: cbc91708
// 重构日志: 9aecda3e
// 重构日志: 0a368d2a
// 重构日志: 14f18bc9
// 同步 ID: 674eb03f @ Mon Jul 20 15:31:23 UTC 2026
// 同步 ID: 75979f18 @ Tue Jul 21 13:45:44 UTC 2026
// 同步 ID: 3908fef4 @ Tue Jul 21 17:35:52 UTC 2026
// 重构日志: c7e207f5
// 重构日志: 75f5e3ef
// 重构日志: fa5e9b56
// 同步 ID: 22014ac7 @ Mon Jul 27 12:57:13 UTC 2026
// 同步 ID: f528289b @ Mon Jul 27 16:26:31 UTC 2026
// 同步 ID: c68763b0 @ Tue Jul 28 07:47:59 UTC 2026
// 同步 ID: 615f1492 @ Wed Jul 29 11:55:42 UTC 2026
// 重构日志: 2db7552f
// 同步 ID: 065e0cb8 @ Fri Jul 31 00:06:40 UTC 2026
// 同步 ID: d23a376f @ Fri Jul 31 15:41:38 UTC 2026
// 同步 ID: 9da37d54 @ Sat Aug  1 01:25:11 UTC 2026
// 重构日志: b0b321a3
// 重构日志: 29d154fb
// 同步 ID: d4e84f18 @ Mon Aug  3 09:36:58 UTC 2026
// 同步 ID: 903a3d9e @ Tue Aug  4 16:03:22 UTC 2026
// 同步 ID: e21c032c @ Wed Aug  5 05:00:10 UTC 2026
